// Jest Snapshot v1, https://goo.gl/fbAQLP

exports[`<RecipeInfo /> should match snapshot test 1`] = `
Object {
  "asFragment": [Function],
  "baseElement": <body>
    <div>
      <tr
        class="MuiTableRow-root sc-bdfBwQ iVZKII"
      >
        <td
          class="MuiTableCell-root MuiTableCell-alignCenter"
          data-testid="recipe-table-cell"
        >
          <div
            class="MuiAvatar-root MuiAvatar-circle sc-gsTCUz hZKgGY"
          >
            <img
              class="MuiAvatar-img"
              src="/preview"
            />
          </div>
        </td>
        <td
          class="MuiTableCell-root MuiTableCell-alignCenter"
        >
          Arrabiata
        </td>
        <td
          class="MuiTableCell-root MuiTableCell-alignCenter"
        >
          Italian
        </td>
        <td
          class="MuiTableCell-root MuiTableCell-alignCenter"
        >
          <button
            class="MuiButtonBase-root MuiIconButton-root"
            tabindex="0"
            type="button"
          >
            <span
              class="MuiIconButton-label"
            >
              <svg
                aria-hidden="true"
                class="MuiSvgIcon-root"
                focusable="false"
                viewBox="0 0 24 24"
              >
                <path
                  d="M21 3H3c-1.11 0-2 .89-2 2v12c0 1.1.89 2 2 2h5v2h8v-2h5c1.1 0 1.99-.9 1.99-2L23 5c0-1.11-.9-2-2-2zm0 14H3V5h18v12zm-5-6l-7 4V7z"
                />
              </svg>
            </span>
            <span
              class="MuiTouchRipple-root"
            />
          </button>
        </td>
      </tr>
    </div>
  </body>,
  "container": <div>
    <tr
      class="MuiTableRow-root sc-bdfBwQ iVZKII"
    >
      <td
        class="MuiTableCell-root MuiTableCell-alignCenter"
        data-testid="recipe-table-cell"
      >
        <div
          class="MuiAvatar-root MuiAvatar-circle sc-gsTCUz hZKgGY"
        >
          <img
            class="MuiAvatar-img"
            src="/preview"
          />
        </div>
      </td>
      <td
        class="MuiTableCell-root MuiTableCell-alignCenter"
      >
        Arrabiata
      </td>
      <td
        class="MuiTableCell-root MuiTableCell-alignCenter"
      >
        Italian
      </td>
      <td
        class="MuiTableCell-root MuiTableCell-alignCenter"
      >
        <button
          class="MuiButtonBase-root MuiIconButton-root"
          tabindex="0"
          type="button"
        >
          <span
            class="MuiIconButton-label"
          >
            <svg
              aria-hidden="true"
              class="MuiSvgIcon-root"
              focusable="false"
              viewBox="0 0 24 24"
            >
              <path
                d="M21 3H3c-1.11 0-2 .89-2 2v12c0 1.1.89 2 2 2h5v2h8v-2h5c1.1 0 1.99-.9 1.99-2L23 5c0-1.11-.9-2-2-2zm0 14H3V5h18v12zm-5-6l-7 4V7z"
              />
            </svg>
          </span>
          <span
            class="MuiTouchRipple-root"
          />
        </button>
      </td>
    </tr>
  </div>,
  "debug": [Function],
  "findAllByAltText": [Function],
  "findAllByDisplayValue": [Function],
  "findAllByLabelText": [Function],
  "findAllByPlaceholderText": [Function],
  "findAllByRole": [Function],
  "findAllByTestId": [Function],
  "findAllByText": [Function],
  "findAllByTitle": [Function],
  "findByAltText": [Function],
  "findByDisplayValue": [Function],
  "findByLabelText": [Function],
  "findByPlaceholderText": [Function],
  "findByRole": [Function],
  "findByTestId": [Function],
  "findByText": [Function],
  "findByTitle": [Function],
  "getAllByAltText": [Function],
  "getAllByDisplayValue": [Function],
  "getAllByLabelText": [Function],
  "getAllByPlaceholderText": [Function],
  "getAllByRole": [Function],
  "getAllByTestId": [Function],
  "getAllByText": [Function],
  "getAllByTitle": [Function],
  "getByAltText": [Function],
  "getByDisplayValue": [Function],
  "getByLabelText": [Function],
  "getByPlaceholderText": [Function],
  "getByRole": [Function],
  "getByTestId": [Function],
  "getByText": [Function],
  "getByTitle": [Function],
  "queryAllByAltText": [Function],
  "queryAllByDisplayValue": [Function],
  "queryAllByLabelText": [Function],
  "queryAllByPlaceholderText": [Function],
  "queryAllByRole": [Function],
  "queryAllByTestId": [Function],
  "queryAllByText": [Function],
  "queryAllByTitle": [Function],
  "queryByAltText": [Function],
  "queryByDisplayValue": [Function],
  "queryByLabelText": [Function],
  "queryByPlaceholderText": [Function],
  "queryByRole": [Function],
  "queryByTestId": [Function],
  "queryByText": [Function],
  "queryByTitle": [Function],
  "rerender": [Function],
  "unmount": [Function],
}
`;
